|.####..|
|...#...|
|..###..|
|..#####|
|..#.#..|
|..#.#..|
|..#....|
|.##....|
|.##....|
|..####.|
|....#..|
|...###.|
|.######|
|.##..##|
|.##...#|
|..#...#|
|..#...#|
|####..#|
|...#...|
|..###..|
|####...|
|#......|
|#......|
|##.....|
|##.....|
|.####..|
|...#...|
|..###..|
|...#...|
|..###..|
|..#.##.|
|..#.##.|
|..#....|
|..#....|
|..#....|
|..#....|
|.#####.|
|###.#..|
|.#..#..|
|###.#..|
|#...#..|
|#...##.|
|....##.|
|.####..|
|##.#...|
|#####..|
|...####|
|....#.#|
|....#.#|
|..#####|
|..#...#|
|.###...|
|..#....|
|..###..|
|..#.##.|
|..#.##.|
|..#....|
|..#....|
|..#....|
|..#....|
|.#####.|
|######.|
|.#.#.#.|
|...#.#.|
|...###.|
|...###.|
|.#####.|
|###.###|
|#.####.|
|#.####.|
|..#..#.|
|..#..#.|
|.#####.|
|.#.....|
|###....|
|.####..|
|..###..|
|..###..|
|.####..|
|...#...|
|..###..|
|...#...|
|..###..|
|..#.##.|
|..#.##.|
|..#....|
|..#....|
|..#....|
|..#....|
|.#####.|
|###.#..|
|.#..#..|
|###.#..|
|#...#..|
|#...##.|
|....##.|
|.####..|
|##.#...|
|#####..|
|...####|
|....#.#|
|....#.#|
|..#####|
|..#...#|
|.###...|
|..#....|
|..###..|
|..#.##.|
|..#.##.|
|..#....|
|..#....|
|..#....|
|..#....|
|.#####.|
|######.|
|.#.#.#.|
|...#.#.|
|...###.|
|...###.|
|.#####.|
|###.###|
|#.####.|
|#.####.|
|..#..#.|
|..#..#.|
|.#####.|
|.#.....|
|###....|
|.####..|
|..###..|
|..###..|
|.####..|
|...#...|
|..###..|
|...#...|
|..###..|
|..#.##.|
|..#.##.|
|..#....|
|..#....|
|..#....|
|..#....|
|.#####.|
|###.#..|
|.#..#..|
|###.#..|
|#...#..|
|#...##.|
|....##.|
|.####..|
|##.#...|
|#####..|
|...####|
|....#.#|
|....#.#|
|..#####|
|..#...#|
|.###...|
|..#....|
|..###..|
|..#.##.|
|..#.##.|
|..#....|
|..#....|
|..#....|
|..#....|
|.#####.|
|######.|
|.#.#.#.|
|...#.#.|
|...###.|
|...###.|
|.#####.|
|###.###|
|#.####.|
|#.####.|
|..#..#.|
|..#..#.|
|.#####.|
|.#.....|
|###....|
|.####..|
|..###..|
|..###..|
|.####..|
|...#...|
|..###..|
|...#...|
|..###..|
|..#.##.|
|..#.##.|
|..#....|
|..#....|
|..#....|
|..#....|
|.#####.|
|###.#..|
|.#..#..|
|###.#..|
|#...#..|
|#...##.|
|....##.|
|.####..|
|##.#...|
|#####..|
|...####|
|....#.#|
|....#.#|
|..#####|
|..#...#|
|.###...|
|..#....|
|..###..|
|..#.##.|
|..#.##.|
|..#....|
|..#....|
|..#....|
|..#....|
|.#####.|
|######.|
|.#.#.#.|
|...#.#.|
|...###.|
|...###.|
|.#####.|
|###.###|
|#.####.|
|#.####.|
|..#..#.|
|..#..#.|
|.#####.|
|.#.....|
|###....|
|.####..|
|..###..|
|..###..|
|.####..|
|...#...|
|..###..|
|...#...|
|..###..|
|..#.##.|
|..#.##.|
|..#....|
|..#....|
|..#....|
|..#....|
|.#####.|
|###.#..|
|.#..#..|
|###.#..|
|#...#..|
|#...##.|
|....##.|
|.####..|
|##.#...|
|#####..|
|...####|
|....#.#|
|....#.#|
|..#####|
|..#...#|
|.###...|
|..#....|
|..###..|
|..#.##.|
|..#.##.|
|..#....|
|..#....|
|..#....|
|..#....|
|.#####.|
|######.|
|.#.#.#.|
|...#.#.|
|...###.|
|...###.|
|.#####.|
|###.###|
|#.####.|
|#.####.|
|..#..#.|
|..#..#.|
|.#####.|
|.#.....|
|###....|
|.####..|
|..###..|
|..###..|
|.####..|
|...#...|
|..###..|
|...#...|
|..###..|
|..#.##.|
|..#.##.|
|..#....|
|..#....|
|..#....|
|..#....|
|.#####.|
|###.#..|
|.#..#..|
|###.#..|
|#...#..|
|#...##.|
|....##.|
|.####..|
|##.#...|
|#####..|
|...####|
|....#.#|
|....#.#|
|..#####|
|..#...#|
|.###...|
|..#....|
|..###..|
|..#.##.|
|..#.##.|
|..#....|
|..#....|
|..#....|
|..#....|
|.#####.|
|######.|
|.#.#.#.|
|...#.#.|
|...###.|
|...###.|
|.#####.|
|###.###|
|#.####.|
|#.####.|
|..#..#.|
|..#..#.|
|.#####.|
|.#.....|
|###....|
|.####..|
|..###..|
|..###..|
|.####..|
|...#...|
|..###..|
|...#...|
|..###..|
|..#.##.|
|..#.##.|
|..#....|
|..#....|
|..#....|
|..#....|
|.#####.|
|###.#..|
|.#..#..|
|###.#..|
|#...#..|
|#...##.|
|....##.|
|.####..|
|##.#...|
|#####..|
|...####|
|....#.#|
|....#.#|
|..#####|
|..#...#|
|.###...|
|..#....|
|..###..|
|..#.##.|
|..#.##.|
|..#....|
|..#....|
|..#....|
|..#....|
|.#####.|
|######.|
|.#.#.#.|
|...#.#.|
|...###.|
|...###.|
|.#####.|
|###.###|
|#.####.|
|#.####.|
|..#..#.|
|..#..#.|
|.#####.|
|.#.....|
|###....|
|.####..|
|..###..|
|..###..|
|.####..|
|...#...|
|..###..|
|...#...|
|..###..|
|..#.##.|
|..#.##.|
|..#....|
|..#....|
|..#....|
|..#....|
|.#####.|
|###.#..|
|.#..#..|
|###.#..|
|#...#..|
|#...##.|
|....##.|
|.####..|
|##.#...|
|#####..|
|...####|
|....#.#|
|....#.#|
|..#####|
|..#...#|
|.###...|
|..#....|
|..###..|
|..#.##.|
|..#.##.|
|..#....|
|..#....|
|..#....|
|..#....|
|.#####.|
|######.|
|.#.#.#.|
|...#.#.|
|...###.|
|...###.|
|.#####.|
|###.###|
|#.####.|
|#.####.|
|..#..#.|
|..#..#.|
|.#####.|
|.#.....|
|###....|
|.####..|
|..###..|
|..###..|
|.####..|
|...#...|
|..###..|
|...#...|
|..###..|
|..#.##.|
|..#.##.|
|..#....|
|..#....|
|..#....|
|..#....|
|.#####.|
|###.#..|
|.#..#..|
|###.#..|
|#...#..|
|#...##.|
|....##.|
|.####..|
|##.#...|
|#####..|
|...####|
|....#.#|
|....#.#|
|..#####|
|..#...#|
|.###...|
|..#....|
|..###..|
|..#.##.|
|..#.##.|
|..#....|
|..#....|
|..#....|
|..#....|
|.#####.|
|######.|
|.#.#.#.|
|...#.#.|
|...###.|
|...###.|
|.#####.|
|###.###|
|#.####.|
|#.####.|
|..#..#.|
|..#..#.|
|.#####.|
|.#.....|
|###....|
|.####..|
|..###..|
|..###..|
|.####..|
|...#...|
|..###..|
|...#...|
|..###..|
|..#.##.|
|..#.##.|
|..#....|
|..#....|
|..#....|
|..#....|
|.#####.|
|###.#..|
|.#..#..|
|###.#..|
|#...#..|
|#...##.|
|....##.|
|.####..|
|##.#...|
|#####..|
|...####|
|....#.#|
|....#.#|
|..#####|
|..#...#|
|.###...|
|..#....|
|..###..|
|..#.##.|
|..#.##.|
|..#....|
|..#....|
|..#....|
|..#....|
|.#####.|
|######.|
|.#.#.#.|
|...#.#.|
|...###.|
|...###.|
|.#####.|
|###.###|
|#.####.|
|#.####.|
|..#..#.|
|..#..#.|
|.#####.|
|.#.....|
|###....|
|.####..|
|..###..|
|..###..|
|.####..|
|...#...|
|..###..|
|...#...|
|..###..|
|..#.##.|
|..#.##.|
|..#....|
|..#....|
|..#....|
|..#....|
|.#####.|
|###.#..|
|.#..#..|
|###.#..|
|#...#..|
|#...##.|
|....##.|
|.####..|
|##.#...|
|#####..|
|...####|
|....#.#|
|....#.#|
|..#####|
|..#...#|
|.###...|
|..#....|
|..###..|
|..#.##.|
|..#.##.|
|..#....|
|..#....|
|..#....|
|..#....|
|.#####.|
|######.|
|.#.#.#.|
|...#.#.|
|...###.|
|...###.|
|.#####.|
|###.###|
|#.####.|
|#.####.|
|..#..#.|
|..#..#.|
|.#####.|
|.#.....|
|###....|
|.####..|
|..###..|
|..###..|
|.####..|
|...#...|
|..###..|
|...#...|
|..###..|
|..#.##.|
|..#.##.|
|..#....|
|..#....|
|..#....|
|..#....|
|.#####.|
|###.#..|
|.#..#..|
|###.#..|
|#...#..|
|#...##.|
|....##.|
|.####..|
|##.#...|
|#####..|
|...####|
|....#.#|
|....#.#|
|..#####|
|..#...#|
|.###...|
|..#....|
|..###..|
|..#.##.|
|..#.##.|
|..#....|
|..#....|
|..#....|
|..#....|
|.#####.|
|######.|
|.#.#.#.|
|...#.#.|
|...###.|
|...###.|
|.#####.|
|###.###|
|#.####.|
|#.####.|
|..#..#.|
|..#..#.|
|.#####.|
|.#.....|
|###....|
|.####..|
|..###..|
|..###..|
|.####..|
|...#...|
|..###..|
|...#...|
|..###..|
|..#.##.|
|..#.##.|
|..#....|
|..#....|
|..#....|
|..#....|
|.#####.|
|###.#..|
|.#..#..|
|###.#..|
|#...#..|
|#...##.|
|....##.|
|.####..|
|##.#...|
|#####..|
|...####|
|....#.#|
|....#.#|
|..#####|
|..#...#|
|.###...|
|..#....|
|..###..|
|..#.##.|
|..#.##.|
|..#....|
|..#....|
|..#....|
|..#....|
|.#####.|
|######.|
|.#.#.#.|
|...#.#.|
|...###.|
|...###.|
|.#####.|
|###.###|
|#.####.|
|#.####.|
|..#..#.|
|..#..#.|
|.#####.|
|.#.....|
|###....|
|.####..|
|..###..|
|..###..|
|.####..|
|...#...|
|..###..|
|...#...|
|..###..|
|..#.##.|
|..#.##.|
|..#....|
|..#....|
|..#....|
|..#....|
|.#####.|
|###.#..|
|.#..#..|
|###.#..|
|#...#..|
|#...##.|
|....##.|
|.####..|
|##.#...|
|#####..|
|...####|
|....#.#|
|....#.#|
|..#####|
|..#...#|
|.###...|
|..#....|
|..###..|
|..#.##.|
|..#.##.|
|..#....|
|..#....|
|..#....|
|..#....|
|.#####.|
|######.|
|.#.#.#.|
|...#.#.|
|...###.|
|...###.|
|.#####.|
|###.###|
|#.####.|
|#.####.|
|..#..#.|
|..#..#.|
|.#####.|
|.#.....|
|###....|
|.####..|
|..###..|
|..###..|
|.####..|
|...#...|
|..###..|
|...#...|
|..###..|
|..#.##.|
|..#.##.|
|..#....|
|..#....|
|..#....|
|..#....|
|.#####.|
|###.#..|
|.#..#..|
|###.#..|
|#...#..|
|#...##.|
|....##.|
|.####..|
|##.#...|
|#####..|
|...####|
|....#.#|
|....#.#|
|..#####|
|..#...#|
|.###...|
|..#....|
|..###..|
|..#.##.|
|..#.##.|
|..#....|
|..#....|
|..#....|
|..#....|
|.#####.|
|######.|
|.#.#.#.|
|...#.#.|
|...###.|
|...###.|
|.#####.|
|###.###|
|#.####.|
|#.####.|
|..#..#.|
|..#..#.|
|.#####.|
|.#.....|
|###....|
|.####..|
|..###..|
|..###..|
|.####..|
|...#...|
|..###..|
|...#...|
|..###..|
|..#.##.|
|..#.##.|
|..#....|
|..#....|
|..#....|
|..#....|
|.#####.|
|###.#..|
|.#..#..|
|###.#..|
|#...#..|
|#...##.|
|....##.|
|.####..|
|##.#...|
|#####..|
|...####|
|....#.#|
|....#.#|
|..#####|
|..#...#|
|.###...|
|..#....|
|..###..|
|..#.##.|
|..#.##.|
|..#....|
|..#....|
|..#....|
|..#....|
|.#####.|
|######.|
|.#.#.#.|
|...#.#.|
|...###.|
|...###.|
|.#####.|
|###.###|
|#.####.|
|#.####.|
|..#..#.|
|..#..#.|
|.#####.|
|.#.....|
|###....|
|.####..|
|..###..|
|..###..|
|.####..|
|...#...|
|..###..|
|...#...|
|..###..|
|..#.##.|
|..#.##.|
|..#....|
|..#....|
|..#....|
|..#....|
|.#####.|
|###.#..|
|.#..#..|
|###.#..|
|#...#..|
|#...##.|
|....##.|
|.####..|
|##.#...|
|#####..|
|...####|
|....#.#|
|....#.#|
|..#####|
|..#...#|
|.###...|
|..#....|
|..###..|
|..#.##.|
|..#.##.|
|..#....|
|..#....|
|..#....|
|..#....|
|.#####.|
|######.|
|.#.#.#.|
|...#.#.|
|...###.|
|...###.|
|.#####.|
|###.###|
|#.####.|
|#.####.|
|..#..#.|
|..#..#.|
|.#####.|
|.#.....|
|###....|
|.####..|
|..###..|
|..###..|
|.####..|
|...#...|
|..###..|
|...#...|
|..###..|
|..#.##.|
|..#.##.|
|..#....|
|..#....|
|..#....|
|..#....|
|.#####.|
|###.#..|
|.#..#..|
|###.#..|
|#...#..|
|#...##.|
|....##.|
|.####..|
|##.#...|
|#####..|
|...####|
|....#.#|
|....#.#|
|..#####|
|..#...#|
|.###...|
|..#....|
|..###..|
|..#.##.|
|..#.##.|
|..#....|
|..#....|
|..#....|
|..#....|
|.#####.|
|######.|
|.#.#.#.|
|...#.#.|
|...###.|
|...###.|
|.#####.|
|###.###|
|#.####.|
|#.####.|
|..#..#.|
|..#..#.|
|.#####.|
|.#.....|
|###....|
|.####..|
|..###..|
|..###..|
|.####..|
|...#...|
|..###..|
|...#...|
|..###..|
|..#.##.|
|..#.##.|
|..#....|
|..#....|
|..#....|
|..#....|
|.#####.|
|###.#..|
|.#..#..|
|###.#..|
|#...#..|
|#...##.|
|....##.|
|.####..|
|##.#...|
|#####..|
|...####|
|....#.#|
|....#.#|
|..#####|
|..#...#|
|.###...|
|..#....|
|..###..|
|..#.##.|
|..#.##.|
|..#....|
|..#....|
|..#....|
|..#....|
|.#####.|
|######.|
|.#.#.#.|
|...#.#.|
|...###.|
|...###.|
|.#####.|
|###.###|
|#.####.|
|#.####.|
|..#..#.|
|..#..#.|
|.#####.|
|.#.....|
|###....|
|.####..|
|..###..|
|..###..|
|.####..|
|...#...|
|..###..|
|...#...|
|..###..|
|..#.##.|
|..#.##.|
|..#....|
|..#....|
|..#....|
|..#....|
|.#####.|
|###.#..|
|.#..#..|
|###.#..|
|#...#..|
|#...##.|
|....##.|
|.####..|
|##.#...|
|#####..|
|...####|
|....#.#|
|....#.#|
|..#####|
|..#...#|
|.###...|
|..#....|
|..###..|
|..#.##.|
|..#.##.|
|..#....|
|..#....|
|..#....|
|..#....|
|.#####.|
|######.|
|.#.#.#.|
|...#.#.|
|...###.|
|...###.|
|.#####.|
|###.###|
|#.####.|
|#.####.|
|..#..#.|
|..#..#.|
|.#####.|
|.#.....|
|###....|
|.####..|
|..###..|
|..###..|
|.####..|
|...#...|
|..###..|
|...#...|
|..###..|
|..#.##.|
|..#.##.|
|..#....|
|..#....|
|..#....|
|..#....|
|.#####.|
|###.#..|
|.#..#..|
|###.#..|
|#...#..|
|#...##.|
|....##.|
|.####..|
|##.#...|
|#####..|
|...####|
|....#.#|
|....#.#|
|..#####|
|..#...#|
|.###...|
|..#....|
|..###..|
|..#.##.|
|..#.##.|
|..#....|
|..#....|
|..#....|
|..#....|
|.#####.|
|######.|
|.#.#.#.|
|...#.#.|
|...###.|
|...###.|
|.#####.|
|###.###|
|#.####.|
|#.####.|
|..#..#.|
|..#..#.|
|.#####.|
|.#.....|
|###....|
|.####..|
|..###..|
|..###..|
|.####..|
|...#...|
|..###..|
|...#...|
|..###..|
|..#.##.|
|..#.##.|
|..#....|
|..#....|
|..#....|
|..#....|
|.#####.|
|###.#..|
|.#..#..|
|###.#..|
|#...#..|
|#...##.|
|....##.|
|.####..|
|##.#...|
|#####..|
|...####|
|....#.#|
|....#.#|
|..#####|
|..#...#|
|.###...|
|..#....|
|..###..|
|..#.##.|
|..#.##.|
|..#....|
|..#....|
|..#....|
|..#....|
|.#####.|
|######.|
|.#.#.#.|
|...#.#.|
|...###.|
|...###.|
|.#####.|
|###.###|
|#.####.|
|#.####.|
|..#..#.|
|..#..#.|
|.#####.|
|.#.....|
|###....|
|.####..|
|..###..|
|..###..|
|.####..|
|...#...|
|..###..|
|...#...|
|..###..|
|..#.##.|
|..#.##.|
|..#....|
|..#....|
|..#....|
|..#....|
|.#####.|
|###.#..|
|.#..#..|
|###.#..|
|#...#..|
|#...##.|
|....##.|
|.####..|
|##.#...|
|#####..|
|...####|
|....#.#|
|....#.#|
|..#####|
|..#...#|
|.###...|
|..#....|
|..###..|
|..#.##.|
|..#.##.|
|..#....|
|..#....|
|..#....|
|..#....|
|.#####.|
|######.|
|.#.#.#.|
|...#.#.|
|...###.|
|...###.|
|.#####.|
|###.###|
|#.####.|
|#.####.|
|..#..#.|
|..#..#.|
|.#####.|
|.#.....|
|###....|
|.####..|
|..###..|
|..###..|
|.####..|
|...#...|
|..###..|
|...#...|
|..###..|
|..#.##.|
|..#.##.|
|..#....|
|..#....|
|..#....|
|..#....|
|.#####.|
|###.#..|
|.#..#..|
|###.#..|
|#...#..|
|#...##.|
|....##.|
|.####..|
|##.#...|
|#####..|
|...####|
|....#.#|
|....#.#|
|..#####|
|..#...#|
|.###...|
|..#....|
|..###..|
|..#.##.|
|..#.##.|
|..#....|
|..#....|
|..#....|
|..#....|
|.#####.|
|######.|
|.#.#.#.|
|...#.#.|
|...###.|
|...###.|
|.#####.|
|###.###|
|#.####.|
|#.####.|
|..#..#.|
|..#..#.|
|.#####.|
|.#.....|
|###....|
|.####..|
|..###..|
|..###..|
|.####..|
|...#...|
|..###..|
|...#...|
|..###..|
|..#.##.|
|..#.##.|
|..#....|
|..#....|
|..#....|
|..#....|
|.#####.|
|###.#..|
|.#..#..|
|###.#..|
|#...#..|
|#...##.|
|....##.|
|.####..|
|##.#...|
|#####..|
|...####|
|....#.#|
|....#.#|
|..#####|
|..#...#|
|.###...|
|..#....|
|..###..|
|..#.##.|
|..#.##.|
|..#....|
|..#....|
|..#....|
|..#....|
|.#####.|
|######.|
|.#.#.#.|
|...#.#.|
|...###.|
|...###.|
|.#####.|
|###.###|
|#.####.|
|#.####.|
|..#..#.|
|..#..#.|
|.#####.|
|.#.....|
|###....|
|.####..|
|..###..|
|..###..|
|.####..|
|...#...|
|..###..|
|...#...|
|..###..|
|..#.##.|
|..#.##.|
|..#....|
|..#....|
|..#....|
|..#....|
|.#####.|
|###.#..|
|.#..#..|
|###.#..|
|#...#..|
|#...##.|
|....##.|
|.####..|
|##.#...|
|#####..|
|...####|
|....#.#|
|....#.#|
|..#####|
|..#...#|
|.###...|
|..#....|
|..###..|
|..#.##.|
|..#.##.|
|..#....|
|..#....|
|..#....|
|..#....|
|.#####.|
|######.|
|.#.#.#.|
|...#.#.|
|...###.|
|...###.|
|.#####.|
|###.###|
|#.####.|
|#.####.|
|..#..#.|
|..#..#.|
|.#####.|
|.#.....|
|###....|
|.####..|
|..###..|
|..###..|
|.####..|
|...#...|
|..###..|
|...#...|
|..###..|
|..#.##.|
|..#.##.|
|..#....|
|..#....|
|..#....|
|..#....|
|.#####.|
|###.#..|
|.#..#..|
|###.#..|
|#...#..|
|#...##.|
|....##.|
|.####..|
|##.#...|
|#####..|
|...####|
|....#.#|
|....#.#|
|..#####|
|..#...#|
|.###...|
|..#....|
|..###..|
|..#.##.|
|..#.##.|
|..#....|
|..#....|
|..#....|
|..#....|
|.#####.|
|######.|
|.#.#.#.|
|...#.#.|
|...###.|
|...###.|
|.#####.|
|###.###|
|#.####.|
|#.####.|
|..#..#.|
|..#..#.|
|.#####.|
|.#.....|
|###....|
|.####..|
|..###..|
|..###..|
|.####..|
|...#...|
|..###..|
|...#...|
|..###..|
|..#.##.|
|..#.##.|
|..#....|
|..#....|
|..#....|
|..#....|
|.#####.|
|###.#..|
|.#..#..|
|###.#..|
|#...#..|
|#...##.|
|....##.|
|.####..|
|##.#...|
|#####..|
|...####|
|....#.#|
|....#.#|
|..#####|
|..#...#|
|.###...|
|..#....|
|..###..|
|..#.##.|
|..#.##.|
|..#....|
|..#....|
|..#....|
|..#....|
|.#####.|
|######.|
|.#.#.#.|
|...#.#.|
|...###.|
|...###.|
|.#####.|
|###.###|
|#.####.|
|#.####.|
|..#..#.|
|..#..#.|
|.#####.|
|.#.....|
|###....|
|.####..|
|..###..|
|..###..|
|.####..|
|...#...|
|..###..|
|...#...|
|..###..|
|..#.##.|
|..#.##.|
|..#....|
|..#....|
|..#....|
|..#....|
|.#####.|
|###.#..|
|.#..#..|
|###.#..|
|#...#..|
|#...##.|
|....##.|
|.####..|
|##.#...|
|#####..|
|...####|
|....#.#|
|....#.#|
|..#####|
|..#...#|
|.###...|
|..#....|
|..###..|
|..#.##.|
|..#.##.|
|..#....|
|..#....|
|..#....|
|..#....|
|.#####.|
|######.|
|.#.#.#.|
|...#.#.|
|...###.|
|...###.|
|.#####.|
|###.###|
|#.####.|
|#.####.|
|..#..#.|
|..#..#.|
|.#####.|
|.#.....|
|###....|
|.####..|
|..###..|
|..###..|
|.####..|
|...#...|
|..###..|
|...#...|
|..###..|
|..#.##.|
|..#.##.|
|..#....|
|..#....|
|..#....|
|..#....|
|.#####.|
|###.#..|
|.#..#..|
|###.#..|
|#...#..|
|#...##.|
|....##.|
|.####..|
|##.#...|
|#####..|
|...####|
|....#.#|
|....#.#|
|..#####|
|..#...#|
|.###...|
|..#....|
|..###..|
|..#.##.|
|..#.##.|
|..#....|
|..#....|
|..#....|
|..#....|
|.#####.|
|######.|
|.#.#.#.|
|...#.#.|
|...###.|
|...###.|
|.#####.|
|###.###|
|#.####.|
|#.####.|
|..#..#.|
|..#..#.|
|.#####.|
|.#.....|
|###....|
|.####..|
|..###..|
|..###..|
|.####..|
|...#...|
|..###..|
|...#...|
|..###..|
|..#.##.|
|..#.##.|
|..#....|
|..#....|
|..#....|
|..#....|
|.#####.|
|###.#..|
|.#..#..|
|###.#..|
|#...#..|
|#...##.|
|....##.|
|.####..|
|##.#...|
|#####..|
|...####|
|....#.#|
|....#.#|
|..#####|
|..#...#|
|.###...|
|..#....|
|..###..|
|..#.##.|
|..#.##.|
|..#....|
|..#....|
|..#....|
|..#....|
|.#####.|
|######.|
|.#.#.#.|
|...#.#.|
|...###.|
|...###.|
|.#####.|
|###.###|
|#.####.|
|#.####.|
|..#..#.|
|..#..#.|
|.#####.|
|.#.....|
|###....|
|.####..|
|..###..|
|..###..|
|.####..|
|...#...|
|..###..|
|...#...|
|..###..|
|..#.##.|
|..#.##.|
|..#....|
|..#....|
|..#....|
|..#....|
|.#####.|
|###.#..|
|.#..#..|
|###.#..|
|#...#..|
|#...##.|
|....##.|
|.####..|
|##.#...|
|#####..|
|...####|
|....#.#|
|....#.#|
|..#####|
|..#...#|
|.###...|
|..#....|
|..###..|
|..#.##.|
|..#.##.|
|..#....|
|..#....|
|..#....|
|..#....|
|.#####.|
|######.|
|.#.#.#.|
|...#.#.|
|...###.|
|...###.|
|.#####.|
|###.###|
|#.####.|
|#.####.|
|..#..#.|
|..#..#.|
|.#####.|
|.#.....|
|###....|
|.####..|
|..###..|
|..###..|
|.####..|
|...#...|
|..###..|
|...#...|
|..###..|
|..#.##.|
|..#.##.|
|..#....|
|..#....|
|..#....|
|..#....|
|.#####.|
|###.#..|
|.#..#..|
|###.#..|
|#...#..|
|#...##.|
|....##.|
|.####..|
|##.#...|
|#####..|
|...####|
|....#.#|
|....#.#|
|..#####|
|..#...#|
|.###...|
|..#....|
|..###..|
|..#.##.|
|..#.##.|
|..#....|
|..#....|
|..#....|
|..#....|
|.#####.|
|######.|
|.#.#.#.|
|...#.#.|
|...###.|
|...###.|
|.#####.|
|###.###|
|#.####.|
|#.####.|
|..#..#.|
|..#..#.|
|.#####.|
|.#.....|
|###....|
|.####..|
|..###..|
|..###..|
|.####..|
|...#...|
|..###..|
|...#...|
|..###..|
|..#.##.|
|..#.##.|
|..#....|
|..#....|
|..#....|
|..#....|
|.#####.|
|###.#..|
|.#..#..|
|###.#..|
|#...#..|
|#...##.|
|....##.|
|.####..|
|##.#...|
|#####..|
|...####|
|....#.#|
|....#.#|
|..#####|
|..#...#|
|.###...|
|..#....|
|..###..|
|..#.##.|
|..#.##.|
|..#....|
|..#....|
|..#....|
|..#....|
|.#####.|
|######.|
|.#.#.#.|
|...#.#.|
|...###.|
|...###.|
|.#####.|
|###.###|
|#.####.|
|#.####.|
|..#..#.|
|..#..#.|
|.#####.|
|.#.....|
|###....|
|.####..|
|..###..|
|..###..|
|.####..|
|...#...|
|..###..|
|...#...|
|..###..|
|..#.##.|
|..#.##.|
|..#....|
|..#....|
|..#....|
|..#....|
|.#####.|
|###.#..|
|.#..#..|
|###.#..|
|#...#..|
|#...##.|
|....##.|
|.####..|
|##.#...|
|#####..|
|...####|
|....#.#|
|....#.#|
|..#####|
|..#...#|
|.###...|
|..#....|
|..###..|
|..#.##.|
|..#.##.|
|..#....|
|..#....|
|..#....|
|..#....|
|.#####.|
|######.|
|.#.#.#.|
|...#.#.|
|...###.|
|...###.|
|.#####.|
|###.###|
|#.####.|
|#.####.|
|..#..#.|
|..#..#.|
|.#####.|
|.#.....|
|###....|
|.####..|
|..###..|
|..###..|
|.####..|
|...#...|
|..###..|
|...#...|
|..###..|
|..#.##.|
|..#.##.|
|..#....|
|..#....|
|..#....|
|..#....|
|.#####.|
|###.#..|
|.#..#..|
|###.#..|
|#...#..|
|#...##.|
|....##.|
|.####..|
|##.#...|
|#####..|
|...####|
|....#.#|
|....#.#|
|..#####|
|..#...#|
|.###...|
|..#....|
|..###..|
|..#.##.|
|..#.##.|
|..#....|
|..#....|
|..#....|
|..#....|
|.#####.|
|######.|
|.#.#.#.|
|...#.#.|
|...###.|
|...###.|
|.#####.|
|###.###|
|#.####.|
|#.####.|
|..#..#.|
|..#..#.|
|.#####.|
|.#.....|
|###....|
|.####..|
|..###..|
|..###..|
|.####..|
|...#...|
|..###..|
|...#...|
|..###..|
|..#.##.|
|..#.##.|
|..#....|
|..#....|
|..#....|
|..#....|
|.#####.|
|###.#..|
|.#..#..|
|###.#..|
|#...#..|
|#...##.|
|....##.|
|.####..|
|##.#...|
|#####..|
|...####|
|....#.#|
|....#.#|
|..#####|
|..#...#|
|.###...|
|..#....|
|..###..|
|..#.##.|
|..#.##.|
|..#....|
|..#....|
|..#....|
|..#....|
|.#####.|
|######.|
|.#.#.#.|
|...#.#.|
|...###.|
|...###.|
|.#####.|
|###.###|
|#.####.|
|#.####.|
|..#..#.|
|..#..#.|
|.#####.|
|.#.....|
|###....|
|.####..|
|..###..|
|..###..|
|.####..|
|...#...|
|..###..|
|...#...|
|..###..|
|..#.##.|
|..#.##.|
|..#....|
|..#....|
|..#....|
|..#....|
|.#####.|
|###.#..|
|.#..#..|
|###.#..|
|#...#..|
|#...##.|
|....##.|
|.####..|
|##.#...|
|#####..|
|...####|
|....#.#|
|....#.#|
|..#####|
|..#...#|
|.###...|
|..#....|
|..###..|
|..#.##.|
|..#.##.|
|..#....|
|..#....|
|..#....|
|..#....|
|.#####.|
|######.|
|.#.#.#.|
|...#.#.|
|...###.|
|...###.|
|.#####.|
|###.###|
|#.####.|
|#.####.|
|..#..#.|
|..#..#.|
|.#####.|
|.#.....|
|###....|
|.####..|
|..###..|
|..###..|
|.####..|
|...#...|
|..###..|
|...#...|
|..###..|
|..#.##.|
|..#.##.|
|..#....|
|..#....|
|..#....|
|..#....|
|.#####.|
|###.#..|
|.#..#..|
|###.#..|
|#...#..|
|#...##.|
|....##.|
|.####..|
|##.#...|
|#####..|
|...####|
|....#.#|
|....#.#|
|..#####|
|..#...#|
|.###...|
|..#....|
|..###..|
|..#.##.|
|..#.##.|
|..#....|
|..#....|
|..#....|
|..#....|
|.#####.|
|######.|
|.#.#.#.|
|...#.#.|
|...###.|
|...###.|
|.#####.|
|###.###|
|#.####.|
|#.####.|
|..#..#.|
|..#..#.|
|.#####.|
|.#.....|
|###....|
|.####..|
|..###..|
|..###..|
|.####..|
|...#...|
|..###..|
|...#...|
|..###..|
|..#.##.|
|..#.##.|
|..#....|
|..#....|
|..#....|
|..#....|
|.#####.|
|###.#..|
|.#..#..|
|###.#..|
|#...#..|
|#...##.|
|....##.|
|.####..|
|##.#...|
|#####..|
|...####|
|....#.#|
|....#.#|
|..#####|
|..#...#|
|.###...|
|..#....|
|..###..|
|..#.##.|
|..#.##.|
|..#....|
|..#....|
|..#....|
|..#....|
|.#####.|
|######.|
|.#.#.#.|
|...#.#.|
|...###.|
|...###.|
|.#####.|
|###.###|
|#.####.|
|#.####.|
|..#..#.|
|..#..#.|
|.#####.|
|.#.....|
|###....|
|.####..|
|..###..|
|..###..|
|.####..|
|...#...|
|..###..|
|...#...|
|..###..|
|..#.##.|
|..#.##.|
|..#....|
|..#....|
|..#....|
|..#....|
|.#####.|
|###.#..|
|.#..#..|
|###.#..|
|#...#..|
|#...##.|
|....##.|
|.####..|
|##.#...|
|#####..|
|...####|
|....#.#|
|....#.#|
|..#####|
|..#...#|
|.###...|
|..#....|
|..###..|
|..#.##.|
|..#.##.|
|..#....|
|..#....|
|..#....|
|..#....|
|.#####.|
|######.|
|.#.#.#.|
|...#.#.|
|...###.|
|...###.|
|.#####.|
|###.###|
|#.####.|
|#.####.|
|..#..#.|
|..#..#.|
|.#####.|
|.#.....|
|###....|
|.####..|
|..###..|
|..###..|
|.####..|
|...#...|
|..###..|
|...#...|
|..###..|
|..#.##.|
|..#.##.|
|..#....|
|..#....|
|..#....|
|..#....|
|.#####.|
|###.#..|
|.#..#..|
|###.#..|
|#...#..|
|#...##.|
|....##.|
|.####..|
|##.#...|
|#####..|
|...####|
|....#.#|
|....#.#|
|..#####|
|..#...#|
|.###...|
|..#....|
|..###..|
|..#.##.|
|..#.##.|
|..#....|
|..#....|
|..#....|
|..#....|
|.#####.|
|######.|
|.#.#.#.|
|...#.#.|
|...###.|
|...###.|
|.#####.|
|###.###|
|#.####.|
|#.####.|
|..#..#.|
|..#..#.|
|.#####.|
|.#.....|
|###....|
|.####..|
|..###..|
|..###..|
|.####..|
|...#...|
|..###..|
|...#...|
|..###..|
|..#.##.|
|..#.##.|
|..#....|
|..#....|
|..#....|
|..#....|
|.#####.|
|###.#..|
|.#..#..|
|###.#..|
|#...#..|
|#...##.|
|....##.|
|.####..|
|##.#...|
|#####..|
|...####|
|....#.#|
|....#.#|
|..#####|
|..#...#|
|.###...|
|..#....|
|..###..|
|..#.##.|
|..#.##.|
|..#....|
|..#....|
|..#....|
|..#....|
|.#####.|
|######.|
|.#.#.#.|
|...#.#.|
|...###.|
|...###.|
|.#####.|
|###.###|
|#.####.|
|#.####.|
|..#..#.|
|..#..#.|
|.#####.|
|.#.....|
|###....|
|.####..|
|..###..|
|..###..|
|.####..|
|...#...|
|..###..|
|...#...|
|..###..|
|..#.##.|
|..#.##.|
|..#....|
|..#....|
|..#....|
|..#....|
|.#####.|
|###.#..|
|.#..#..|
|###.#..|
|#...#..|
|#...##.|
|....##.|
|.####..|
|##.#...|
|#####..|
|...####|
|....#.#|
|....#.#|
|..#####|
|..#...#|
|.###...|
|..#....|
|..###..|
|..#.##.|
|..#.##.|
|..#....|
|..#....|
|..#....|
|..#....|
|.#####.|
|######.|
|.#.#.#.|
|...#.#.|
|...###.|
|...###.|
|.#####.|
|###.###|
|#.####.|
|#.####.|
|..#..#.|
|..#..#.|
|.#####.|
|.#.....|
|###....|
|.####..|
|..###..|
|..###..|
|.####..|
|...#...|
|..###..|
|...#...|
|..###..|
|..#.##.|
|..#.##.|
|..#....|
|..#....|
|..#....|
|..#....|
|.#####.|
|###.#..|
|.#..#..|
|###.#..|
|#...#..|
|#...##.|
|....##.|
|.####..|
|##.#...|
|#####..|
|...####|
|....#.#|
|....#.#|
|..#####|
|..#...#|
|.###...|
|..#....|
|..###..|
|..#.##.|
|..#.##.|
|..#....|
|..#....|
|..#....|
|..#....|
|.#####.|
|######.|
|.#.#.#.|
|...#.#.|
|...###.|
|...###.|
|.#####.|
|###.###|
|#.####.|
|#.####.|
|..#..#.|
|..#..#.|
|.#####.|
|.#.....|
|###....|
|.####..|
|..###..|
|..###..|
|.####..|
|...#...|
|..###..|
|...#...|
|..###..|
|..#.##.|
|..#.##.|
|..#....|
|..#....|
|..#....|
|..#....|
|.#####.|
|###.#..|
|.#..#..|
|###.#..|
|#...#..|
|#...##.|
|....##.|
|.####..|
|##.#...|
|#####..|
|...####|
|....#.#|
|....#.#|
|..#####|
|..#...#|
|.###...|
|..#....|
|..###..|
|..#.##.|
|..#.##.|
|..#....|
|..#....|
|..#....|
|..#....|
|.#####.|
|######.|
|.#.#.#.|
|...#.#.|
|...###.|
|...###.|
|.#####.|
|###.###|
|#.####.|
|#.####.|
|..#..#.|
|..#..#.|
|.#####.|
|.#.....|
|###....|
|.####..|
|..###..|
|..###..|
|.####..|
|...#...|
|..###..|
|...#...|
|..###..|
|..#.##.|
|..#.##.|
|..#....|
|..#....|
|..#....|
|..#....|
|.#####.|
|###.#..|
|.#..#..|
|###.#..|
|#...#..|
|#...##.|
|....##.|
|.####..|
|##.#...|
|#####..|
|...####|
|....#.#|
|....#.#|
|..#####|
|..#...#|
|.###...|
|..#....|
|..###..|
|..#.##.|
|..#.##.|
|..#....|
|..#....|
|..#....|
|..#....|
|.#####.|
|######.|
|.#.#.#.|
|...#.#.|
|...###.|
|...###.|
|.#####.|
|###.###|
|#.####.|
|#.####.|
|..#..#.|
|..#..#.|
|.#####.|
|.#.....|
|###....|
|.####..|
|..###..|
|..###..|
|.####..|
|...#...|
|..###..|
|...#...|
|..###..|
|..#.##.|
|..#.##.|
|..#....|
|..#....|
|..#....|
|..#....|
|.#####.|
|###.#..|
|.#..#..|
|###.#..|
|#...#..|
|#...##.|
|....##.|
|.####..|
|##.#...|
|#####..|
|...####|
|....#.#|
|....#.#|
|..#####|
|..#...#|
|.###...|
|..#....|
|..###..|
|..#.##.|
|..#.##.|
|..#....|
|..#....|
|..#....|
|..#....|
|.#####.|
|######.|
|.#.#.#.|
|...#.#.|
|...###.|
|...###.|
|.#####.|
|###.###|
|#.####.|
|#.####.|
|..#..#.|
|..#..#.|
|.#####.|
|.#.....|
|###....|
|.####..|
|..###..|
|..###..|
|.####..|
|...#...|
|..###..|
|...#...|
|..###..|
|..#.##.|
|..#.##.|
|..#....|
|..#....|
|..#....|
|..#....|
|.#####.|
|###.#..|
|.#..#..|
|###.#..|
|#...#..|
|#...##.|
|....##.|
|.####..|
|##.#...|
|#####..|
|...####|
|....#.#|
|....#.#|
|..#####|
|..#...#|
|.###...|
|..#....|
|..###..|
|..#.##.|
|..#.##.|
|..#....|
|..#....|
|..#....|
|..#....|
|.#####.|
|######.|
|.#.#.#.|
|...#.#.|
|...###.|
|...###.|
|.#####.|
|###.###|
|#.####.|
|#.####.|
|..#..#.|
|..#..#.|
|.#####.|
|.#.....|
|###....|
|.####..|
|..###..|
|..###..|
|.####..|
|...#...|
|..###..|
|...#...|
|..###..|
|..#.##.|
|..#.##.|
|..#....|
|..#....|
|..#....|
|..#....|
|.#####.|
|###.#..|
|.#..#..|
|###.#..|
|#...#..|
|#...##.|
|....##.|
|.####..|
|##.#...|
|#####..|
|...####|
|....#.#|
|....#.#|
|..#####|
|..#...#|
|.###...|
|..#....|
|..###..|
|..#.##.|
|..#.##.|
|..#....|
|..#....|
|..#....|
|..#....|
|.#####.|
|######.|
|.#.#.#.|
|...#.#.|
|...###.|
|...###.|
|.#####.|
|###.###|
|#.####.|
|#.####.|
|..#..#.|
|..#..#.|
|.#####.|
|.#.....|
|###....|
|.####..|
|..###..|
|..###..|
|.####..|
|...#...|
|..###..|
|...#...|
|..###..|
|..#.##.|
|..#.##.|
|..#....|
|..#....|
|..#....|
|..#....|
|.#####.|
|###.#..|
|.#..#..|
|###.#..|
|#...#..|
|#...##.|
|....##.|
|.####..|
|##.#...|
|#####..|
|...####|
|....#.#|
|....#.#|
|..#####|
|..#...#|
|.###...|
|..#....|
|..###..|
|..#.##.|
|..#.##.|
|..#....|
|..#....|
|..#....|
|..#....|
|.#####.|
|######.|
|.#.#.#.|
|...#.#.|
|...###.|
|...###.|
|.#####.|
|###.###|
|#.####.|
|#.####.|
|..#..#.|
|..#..#.|
|.#####.|
|.#.....|
|###....|
|.####..|
|..###..|
|..###..|
|.####..|
|...#...|
|..###..|
|...#...|
|..###..|
|..#.##.|
|..#.##.|
|..#....|
|..#....|
|..#....|
|..#....|
|.#####.|
|###.#..|
|.#..#..|
|###.#..|
|#...#..|
|#...##.|
|....##.|
|.####..|
|##.#...|
|#####..|
|...####|
|....#.#|
|....#.#|
|..#####|
|..#...#|
|.###...|
|..#....|
|..###..|
|..#.##.|
|..#.##.|
|..#....|
|..#....|
|..#....|
|..#....|
|.#####.|
|######.|
|.#.#.#.|
|...#.#.|
|...###.|
|...###.|
|.#####.|
|###.###|
|#.####.|
|#.####.|
|..#..#.|
|..#..#.|
|.#####.|
|.#.....|
|###....|
|.####..|
|..###..|
|..###..|
|.####..|
|...#...|
|..###..|
|...#...|
|..###..|
|..#.##.|
|..#.##.|
|..#....|
|..#....|
|..#....|
|..#....|
|.#####.|
|###.#..|
|.#..#..|
|###.#..|
|#...#..|
|#...##.|
|....##.|
|.####..|
|##.#...|
|#####..|
|...####|
|....#.#|
|....#.#|
|..#####|
|..#...#|
|.###...|
|..#....|
|..###..|
|..#.##.|
|..#.##.|
|..#....|
|..#....|
|..#....|
|..#....|
|.#####.|
|######.|
|.#.#.#.|
|...#.#.|
|...###.|
|...###.|
|.#####.|
|###.###|
|#.####.|
|#.####.|
|..#..#.|
|..#..#.|
|.#####.|
|.#.....|
|###....|
|.####..|
|..###..|
|..###..|
|.####..|
|...#...|
|..###..|
|...#...|
|..###..|
|..#.##.|
|..#.##.|
|..#....|
|..#....|
|..#....|
|..#....|
|.#####.|
|###.#..|
|.#..#..|
|###.#..|
|#...#..|
|#...##.|
|....##.|
|.####..|
|##.#...|
|#####..|
|...####|
|....#.#|
|....#.#|
|..#####|
|..#...#|
|.###...|
|..#....|
|..###..|
|..#.##.|
|..#.##.|
|..#....|
|..#....|
|..#....|
|..#....|
|.#####.|
|######.|
|.#.#.#.|
|...#.#.|
|...###.|
|...###.|
|.#####.|
|###.###|
|#.####.|
|#.####.|
|..#..#.|
|..#..#.|
|.#####.|
|.#.....|
|###....|
|.####..|
|..###..|
|..###..|
|.####..|
|...#...|
|..###..|
|...#...|
|..###..|
|..#.##.|
|..#.##.|
|..#....|
|..#....|
|..#....|
|..#....|
|.#####.|
|###.#..|
|.#..#..|
|###.#..|
|#...#..|
|#...##.|
|....##.|
|.####..|
|##.#...|
|#####..|
|...####|
|....#.#|
|....#.#|
|..#####|
|..#...#|
|.###...|
|..#....|
|..###..|
|..#.##.|
|..#.##.|
|..#....|
|..#....|
|..#....|
|..#....|
|.#####.|
|######.|
|.#.#.#.|
|...#.#.|
|...###.|
|...###.|
|.#####.|
|###.###|
|#.####.|
|#.####.|
|..#..#.|
|..#..#.|
|.#####.|
|.#.....|
|###....|
|.####..|
|..###..|
|..###..|
|.####..|
|...#...|
|..###..|
|...#...|
|..###..|
|..#.##.|
|..#.##.|
|..#....|
|..#....|
|..#....|
|..#....|
|.#####.|
|###.#..|
|.#..#..|
|###.#..|
|#...#..|
|#...##.|
|....##.|
|.####..|
|##.#...|
|#####..|
|...####|
|....#.#|
|....#.#|
|..#####|
|..#...#|
|.###...|
|..#....|
|..###..|
|..#.##.|
|..#.##.|
|..#....|
|..#....|
|..#....|
|..#....|
|.#####.|
|######.|
|.#.#.#.|
|...#.#.|
|...###.|
|...###.|
|.#####.|
|###.###|
|#.####.|
|#.####.|
|..#..#.|
|..#..#.|
|.#####.|
|.#.....|
|###....|
|.####..|
|..###..|
|..###..|
|.####..|
|...#...|
|..###..|
|...#...|
|..###..|
|..#.##.|
|..#.##.|
|..#....|
|..#....|
|..#....|
|..#....|
|.#####.|
|###.#..|
|.#..#..|
|###.#..|
|#...#..|
|#...##.|
|....##.|
|.####..|
|##.#...|
|#####..|
|...####|
|....#.#|
|....#.#|
|..#####|
|..#...#|
|.###...|
|..#....|
|..###..|
|..#.##.|
|..#.##.|
|..#....|
|..#....|
|..#....|
|..#....|
|.#####.|
|######.|
|.#.#.#.|
|...#.#.|
|...###.|
|...###.|
